Microsoft (R) Macro Assembler Version 14.00.24210.0	    04/06/17 22:34:49
Anaeki3.asm						     Page 1 - 1


				COMMENT $
				Student: Jerome Anaeki 
				Class: CSC 3210 
				Assignment#: 5, Part 3
				Description: This program computes the following: y = 3x + 9x - 10
				X and Y are 32-bit integer variables.$

				.386
				.model flat,stdcall
				.stack 4096
				ExitProcess proto,dwExitCode:dword

 00000000			.data
 00000000 00000001		x DWORD 1
 00000004  00000004 [		y DWORD 4 DUP(?)
	    00000000
	   ]
 00000014 00000000		sum DWORD ?

 00000000			.code
 00000000			main proc
 00000000  BE 00000000			mov esi,0
 00000005				whileLoop:
 00000005  83 3D 00000000 R		cmp x,8
	   08
 0000000C  73 4B			jae endWhile
 0000000E  A1 00000000 R		mov eax,x
 00000013  BB 00000003			mov ebx,3
 00000018  F7 E3			mul ebx
 0000001A  A3 00000014 R		mov sum,eax
 0000001F  A1 00000000 R		mov eax,x
 00000024  BB 00000009			mov ebx,9
 00000029  F7 E3			mul ebx
 0000002B  01 05 00000014 R		add sum,eax
 00000031  83 2D 00000014 R		sub sum,10
	   0A
 00000038  8B 15 00000000 R		mov edx,x
 0000003E  83 E2 01			and edx,1
 00000041  74 0E			jz whenEven
 00000043  A1 00000014 R		mov eax,sum
 00000048  89 86 00000004 R		mov y[esi],eax
 0000004E  83 C6 04			add esi,TYPE y
 00000051				whenEven:
 00000051  FF 05 00000000 R		inc x
 00000057  EB AC			jmp whileLoop
 00000059				endWhile:
							

					invoke ExitProcess,0
 00000059  6A 00	   *	    push   +000000000h
 0000005B  E8 00000000 E   *	    call   ExitProcess
 00000060			main endp
				end main
Microsoft (R) Macro Assembler Version 14.00.24210.0	    04/06/17 22:34:49
Anaeki3.asm						     Symbols 2 - 1




Segments and Groups:

                N a m e                 Size     Length   Align   Combine Class

FLAT . . . . . . . . . . . . . .	GROUP
STACK  . . . . . . . . . . . . .	32 Bit	 00001000 DWord	  Stack	  'STACK'	 
_DATA  . . . . . . . . . . . . .	32 Bit	 00000018 DWord	  Public  'DATA'	
_TEXT  . . . . . . . . . . . . .	32 Bit	 00000060 DWord	  Public  'CODE'	


Procedures, parameters, and locals:

                N a m e                 Type     Value    Attr

ExitProcess  . . . . . . . . . .	P Near	 00000000 FLAT	Length= 00000000 External STDCALL
main . . . . . . . . . . . . . .	P Near	 00000000 _TEXT	Length= 00000060 Public STDCALL
  whileLoop  . . . . . . . . . .	L Near	 00000005 _TEXT	
  whenEven . . . . . . . . . . .	L Near	 00000051 _TEXT	
  endWhile . . . . . . . . . . .	L Near	 00000059 _TEXT	


Symbols:

                N a m e                 Type     Value    Attr

@CodeSize  . . . . . . . . . . .	Number	 00000000h   
@DataSize  . . . . . . . . . . .	Number	 00000000h   
@Interface . . . . . . . . . . .	Number	 00000003h   
@Model . . . . . . . . . . . . .	Number	 00000007h   
@code  . . . . . . . . . . . . .	Text   	 _TEXT
@data  . . . . . . . . . . . . .	Text   	 FLAT
@fardata?  . . . . . . . . . . .	Text   	 FLAT
@fardata . . . . . . . . . . . .	Text   	 FLAT
@stack . . . . . . . . . . . . .	Text   	 FLAT
sum  . . . . . . . . . . . . . .	DWord	 00000014 _DATA	
x  . . . . . . . . . . . . . . .	DWord	 00000000 _DATA	
y  . . . . . . . . . . . . . . .	DWord	 00000004 _DATA	

	   0 Warnings
	   0 Errors
