Microsoft (R) Macro Assembler Version 14.00.24210.0
Anaeki2.asm						     Page 1 - 1


				COMMENT $Student: Jerome Anaeki 
				Class: CSC 3210 Assignment: 3, Part 2 
				Description: This program calculates the expression: "EAX = -val2 + 7 - val3 + val1". It is assumed 
				that val1, val2, and val3 are 16-bit integer variables$

				.386
				.model flat,stdcall
				.stack 4096
				ExitProcess proto,dwExitCode:dword

 00000000			.data
 00000000 0001			val1 WORD 1
 00000002 FFFE			val2 SWORD -2
 00000004 FFFD			val3 SWORD -3

 00000000			.code
 00000000			main proc
 00000000  B8 00000007			mov	eax,7			;moves 7 to EAX register
 00000005  0F B7 1D			movzx ebx,val1		;moves val1 to EBX register
	   00000000 R
 0000000C  0F BF 0D			movsx ecx,val2		;moves val2 to ECX register
	   00000002 R
 00000013  0F BF 15			movsx edx,val3		;moves val3 to EDX register
	   00000004 R

 0000001A  03 C3			add eax,ebx			;adds EBX register to EAX register
 0000001C  03 C1			add eax,ecx			;adds ECX register to EAX register
 0000001E  03 C2			add eax,edx			;adds EDX register to EAX register

					invoke ExitProcess,0
 00000020  6A 00	   *	    push   +000000000h
 00000022  E8 00000000 E   *	    call   ExitProcess
 00000027			main endp
				end main
Microsoft (R) Macro Assembler Version 14.00.24210.0
Anaeki2.asm						     Symbols 2 - 1




Segments and Groups:

                N a m e                 Size     Length   Align   Combine Class

FLAT . . . . . . . . . . . . . .	GROUP
STACK  . . . . . . . . . . . . .	32 Bit	 00001000 DWord	  Stack	  'STACK'	 
_DATA  . . . . . . . . . . . . .	32 Bit	 00000006 DWord	  Public  'DATA'	
_TEXT  . . . . . . . . . . . . .	32 Bit	 00000027 DWord	  Public  'CODE'	


Procedures, parameters, and locals:

                N a m e                 Type     Value    Attr

ExitProcess  . . . . . . . . . .	P Near	 00000000 FLAT	Length= 00000000 External STDCALL
main . . . . . . . . . . . . . .	P Near	 00000000 _TEXT	Length= 00000027 Public STDCALL


Symbols:

                N a m e                 Type     Value    Attr

@CodeSize  . . . . . . . . . . .	Number	 00000000h   
@DataSize  . . . . . . . . . . .	Number	 00000000h   
@Interface . . . . . . . . . . .	Number	 00000003h   
@Model . . . . . . . . . . . . .	Number	 00000007h   
@code  . . . . . . . . . . . . .	Text   	 _TEXT
@data  . . . . . . . . . . . . .	Text   	 FLAT
@fardata?  . . . . . . . . . . .	Text   	 FLAT
@fardata . . . . . . . . . . . .	Text   	 FLAT
@stack . . . . . . . . . . . . .	Text   	 FLAT
val1 . . . . . . . . . . . . . .	Word	 00000000 _DATA	
val2 . . . . . . . . . . . . . .	Word	 00000002 _DATA	
val3 . . . . . . . . . . . . . .	Word	 00000004 _DATA	

	   0 Warnings
	   0 Errors
